<html>
<body>
<pre>
<h1>礦ision Build Log</h1>
<h2>Tool Versions:</h2>
IDE-Version: μVision V5.14.0.0
Copyright (C) 2015 ARM Ltd and ARM Germany GmbH. All rights reserved.
License Information: liu liu, lliu, LIC=EPPBS-L3N1B-AUK4J-UKG44-PQ160-VP0NY
 
Tool Versions:
Toolchain:       MDK-ARM Professional  Version: 5.14.0.0
Toolchain Path:  D:\Keil_v5\ARM\ARMCC\Bin
C Compiler:      Armcc.exe V5.05 update 1 (build 106)
Assembler:       Armasm.exe V5.05 update 1 (build 106)
Linker/Locator:  ArmLink.exe V5.05 update 1 (build 106)
Library Manager: ArmAr.exe V5.05 update 1 (build 106)
Hex Converter:   FromElf.exe V5.05 update 1 (build 106)
CPU DLL:         SARMCM3.DLL V5.14.0.0
Dialog DLL:      DCM.DLL V1.13.1.0
Target DLL:      Segger\JL2CM3.dll V2.99.13.0
Dialog DLL:      TCM.DLL V1.14.4.0
 
<h2>Project:</h2>
D:\FOLDER\桌面\嵌入式硬件\STM32-Learning\HAL库资料\22个STM32项目\电赛一等奖作品，老人健康监测智能手表（STM32F4主控）\Future_Watch_V2.0\USER\Future_Watch_V2.0.uvprojx
Project File Date:  06/13/2020

<h2>Output:</h2>
Build target 'Target 1'
assembling startup_stm32f40_41xxx.s...
compiling main.c...
compiling battery.c...
compiling DMA.c...
compiling gpio.c...
compiling heart.c...
compiling wdg.c...
compiling key.c...
compiling led.c...
compiling mlx90615.c...
compiling motor.c...
compiling mpu_iic.c...
compiling mpu6050.c...
compiling rtc.c...
compiling stmflash.c...
compiling backlit.c...
compiling FT6236.c...
compiling FT6236_iic.c...
compiling st7789.c...
compiling timer_4.c...
compiling usart_2.c...
compiling usr_wifi.c...
compiling display.c...
compiling get_data.c...
compiling delay.c...
compiling sys.c...
compiling Interrupt.c...
compiling os_flag.c...
compiling os_mbox.c...
compiling os_mem.c...
compiling os_mutex.c...
compiling os_q.c...
compiling os_sem.c...
compiling os_task.c...
compiling os_time.c...
compiling os_tmr.c...
compiling os_core.c...
compiling os_cpu_c.c...
assembling os_cpu_a.asm...
compiling GUI_X_Touch_Analog.c...
compiling GUIConf.c...
compiling GUIDRV_Template.c...
compiling LCDConf_FlexColor_Template.c...
compiling GUI_X_OS.c...
compiling dispwifi.c...
compiling watch.c...
compiling dispdata.c...
compiling wifibottun.c...
compiling help.c...
compiling medicine.c...
compiling myfont.c...
compiling startmcu.c...
compiling connection.c...
compiling inv_mpu_dmp_motion_driver.c...
compiling inv_mpu.c...
linking...
Program Size: Code=109262 RO-data=271750 RW-data=1156 ZI-data=95404  
FromELF: creating hex file...
"..\OBJ\Future_Watch_V2.0" - 0 Error(s), 0 Warning(s).

<h2>Collection of Component include folders:</h2>
  D:\FOLDER\桌面\嵌入式硬件\STM32-Learning\HAL库资料\22个STM32项目\电赛一等奖作品，老人健康监测智能手表（STM32F4主控）\Future_Watch_V2.0\USER\RTE
  D:\Users\Henry\AppData\Local\Arm\Packs\Keil\STM32F4xx_DFP\2.7.0

<h2>Collection of Component Files used:</h2>
</pre>
</body>
</html>
